==191499== Memcheck, a memory error detector
==191499== Copyright (C) 2002-2017, and GNU GPL'd, by Julian Seward et al.
==191499== Using Valgrind-3.18.1 and LibVEX; rerun with -h for copyright info
==191499== Command: ./a.out 3 2 1 0 -1 -2 -3
==191499== Parent PID: 191440
==191499== 
==191499== Conditional jump or move depends on uninitialised value(s)
==191499==    at 0x1099E8: listwrite (list_writer.c:69)
==191499==    by 0x109258: main (push_swap.c:39)
==191499== 
==191499== Conditional jump or move depends on uninitialised value(s)
==191499==    at 0x109F88: add_first (adder_deller.c:69)
==191499==    by 0x1094D0: list_pb (px.c:23)
==191499==    by 0x10926D: main (push_swap.c:41)
==191499== 
==191499== Conditional jump or move depends on uninitialised value(s)
==191499==    at 0x10992C: write_iterate_stack (list_writer.c:50)
==191499==    by 0x1099F1: listwrite (list_writer.c:70)
==191499==    by 0x10928F: main (push_swap.c:44)
==191499== 
==191499== Conditional jump or move depends on uninitialised value(s)
==191499==    at 0x1091C7: clear_stack (push_swap.c:19)
==191499==    by 0x10929F: main (push_swap.c:46)
==191499== 
==191499== 
==191499== HEAP SUMMARY:
==191499==     in use at exit: 0 bytes in 0 blocks
==191499==   total heap usage: 39 allocs, 39 frees, 370 bytes allocated
==191499== 
==191499== All heap blocks were freed -- no leaks are possible
==191499== 
==191499== Use --track-origins=yes to see where uninitialised values come from
==191499== For lists of detected and suppressed errors, rerun with: -s
==191499== ERROR SUMMARY: 4 errors from 4 contexts (suppressed: 0 from 0)
